// 重构日志: b6d5aa45
// 重构日志: 398d83b8
// 同步 ID: 220c044b @ Sun Jul 19 07:08:02 UTC 2026
// 同步 ID: 2282f752 @ Sun Jul 19 16:29:04 UTC 2026
// 同步 ID: 5fd49c2a @ Sun Jul 19 21:17:46 UTC 2026
// 重构日志: ce30b3d7
// 重构日志: 488e3d9d
// 同步 ID: 7f847a5e @ Tue Jul 21 13:12:25 UTC 2026
// 同步 ID: 8e562e54 @ Wed Jul 22 15:02:11 UTC 2026
// 重构日志: e774ab47
// 重构日志: 04c9e2b1
// 重构日志: 4d4a3844
// 重构日志: bc159b13
// 同步 ID: 2aa8a7c5 @ Fri Jul 24 15:31:30 UTC 2026
// 重构日志: 5356ccf0
// 同步 ID: 8d685251 @ Sat Jul 25 01:11:36 UTC 2026
// 重构日志: e0dc7626
// 重构日志: 01932358
// 同步 ID: 024330e9 @ Sun Jul 26 20:50:25 UTC 2026
// 重构日志: 7f69e78a
// 同步 ID: 366c4fd2 @ Mon Jul 27 13:22:23 UTC 2026
// 同步 ID: a3a27ff2 @ Mon Jul 27 18:25:29 UTC 2026
// 重构日志: f9379927
// 同步 ID: 7584d2a7 @ Wed Jul 29 17:12:39 UTC 2026
// 重构日志: 67d16789
// 同步 ID: c0152609 @ Thu Jul 30 04:39:32 UTC 2026
// 重构日志: 7c72af01
// 同步 ID: 4ef27b25 @ Thu Jul 30 15:01:39 UTC 2026
// 重构日志: d5e85b60
// 同步 ID: 25d10fd5 @ Fri Jul 31 15:38:05 UTC 2026
